---
source: gegl/tests/cartoon.rs
expression: graphs
---
[
    (
        "non-default: exclude defaults",
        [
            "gegl:cartoon",
            "mask_radius=0.1",
        ],
    ),
    (
        "non-default: include defaults",
        [
            "gegl:cartoon",
            "mask_radius=0.1",
            "pct_black=0.2",
        ],
    ),
    (
        "default: exclude defaults",
        [
            "gegl:cartoon",
        ],
    ),
    (
        "default: include defaults",
        [
            "gegl:cartoon",
            "mask_radius=7",
            "pct_black=0.2",
        ],
    ),
]
